CO STARTING
   TITLEONE  Regression case: single SO2 point source
   TITLETWO  AERMOD v23132 regulatory default
   MODELOPT  CONC ELEV DFAULT
   AVERTIME  1 24 ANNUAL
   POLLUTID  SO2
   RUNORNOT  RUN
CO FINISHED

SO STARTING
   LOCATION  STACK1   POINT        0.0000       0.0000     0.00
   SRCPARAM  STACK1     5.000000    60.00   455.37    12.00     2.00
   SRCGROUP  ALL
SO FINISHED

RE STARTING
   GRIDCART  POLGRID  STA
                       XYINC    -2000.00    21   200.00    -2000.00    21   200.00
   GRIDCART  POLGRID  ELEV      1  21*0
   GRIDCART  POLGRID  ELEV      2  21*0
   GRIDCART  POLGRID  ELEV      3  21*0
   GRIDCART  POLGRID  ELEV      4  21*0
   GRIDCART  POLGRID  ELEV      5  21*0
   GRIDCART  POLGRID  ELEV      6  21*0
   GRIDCART  POLGRID  ELEV      7  21*0
   GRIDCART  POLGRID  ELEV      8  21*0
   GRIDCART  POLGRID  ELEV      9  21*0
   GRIDCART  POLGRID  ELEV     10  21*0
   GRIDCART  POLGRID  ELEV     11  21*0
   GRIDCART  POLGRID  ELEV     12  21*0
   GRIDCART  POLGRID  ELEV     13  21*0
   GRIDCART  POLGRID  ELEV     14  21*0
   GRIDCART  POLGRID  ELEV     15  21*0
   GRIDCART  POLGRID  ELEV     16  21*0
   GRIDCART  POLGRID  ELEV     17  21*0
   GRIDCART  POLGRID  ELEV     18  21*0
   GRIDCART  POLGRID  ELEV     19  21*0
   GRIDCART  POLGRID  ELEV     20  21*0
   GRIDCART  POLGRID  ELEV     21  21*0
   GRIDCART  POLGRID  HILL      1  21*0
   GRIDCART  POLGRID  HILL      2  21*0
   GRIDCART  POLGRID  HILL      3  21*0
   GRIDCART  POLGRID  HILL      4  21*0
   GRIDCART  POLGRID  HILL      5  21*0
   GRIDCART  POLGRID  HILL      6  21*0
   GRIDCART  POLGRID  HILL      7  21*0
   GRIDCART  POLGRID  HILL      8  21*0
   GRIDCART  POLGRID  HILL      9  21*0
   GRIDCART  POLGRID  HILL     10  21*0
   GRIDCART  POLGRID  HILL     11  21*0
   GRIDCART  POLGRID  HILL     12  21*0
   GRIDCART  POLGRID  HILL     13  21*0
   GRIDCART  POLGRID  HILL     14  21*0
   GRIDCART  POLGRID  HILL     15  21*0
   GRIDCART  POLGRID  HILL     16  21*0
   GRIDCART  POLGRID  HILL     17  21*0
   GRIDCART  POLGRID  HILL     18  21*0
   GRIDCART  POLGRID  HILL     19  21*0
   GRIDCART  POLGRID  HILL     20  21*0
   GRIDCART  POLGRID  HILL     21  21*0
   GRIDCART  POLGRID  END
RE FINISHED

ME STARTING
   SURFFILE  stn.sfc
   PROFFILE  stn.pfl
   SURFDATA  94847  2020
   UAIRDATA  94847  2020
   PROFBASE  265.0  METERS
   STARTEND  2020  1  1  2020 12 31
ME FINISHED

OU STARTING
   RECTABLE  ALLAVE  1-10
   MAXTABLE  ALLAVE  10
OU FINISHED