CO STARTING
   TITLEONE  Regression case: single SO2 point source
   TITLETWO  AERMOD v23132 regulatory default
   MODELOPT  CONC ELEVATED DFAULT
   AVERTIME  1 24 ANNUAL
   POLLUTID  SO2
   RUNORNOT  RUN
CO FINISHED

SO STARTING
   LOCATION  STACK1   POINT        0.0000       0.0000     0.00
   SRCPARAM  STACK1     5.000000    60.00   455.37    12.00     2.00
   SRCGROUP  ALL
SO FINISHED

RE STARTING
   GRIDCART  POLGRID  STA
                       XYINC    -2000.00    21   200.00    -2000.00    21   200.00
   GRIDCART  POLGRID  END
RE FINISHED

ME STARTING
   SURFFILE  stn.sfc
   PROFFILE  stn.pfl
   SURFDATA  94847  2020
   UAIRDATA  94847  2020
   PROFBASE  265.0  METERS
   STARTEND  2020  1  1  2020 12 31
ME FINISHED

OU STARTING
   RECTABLE  ALLAVE  10
   MAXTABLE  ALLAVE  10
OU FINISHED